main.c:74:6:CAN1_Init	4	static
main.c:83:6:CAN_FilterConfig	8	static
main.c:103:6:HAL_CAN_TxMailbox0CompleteCallback	24	static
main.c:109:6:HAL_CAN_TxMailbox1CompleteCallback	24	static
main.c:115:6:HAL_CAN_TxMailbox2CompleteCallback	24	static
main.c:121:6:HAL_CAN_RxFifo0MsgPendingCallback	24	static
main.c:134:6:HAL_CAN_ErrorCallback	24	static
main.c:140:6:CAN1_Tx	8	static
main.c:156:5:main	8	static
main.c:212:6:SystemClock_Config	88	static
main.c:263:13:MX_CAN1_Init	48	static
main.c:313:13:MX_USART2_UART_Init	8	static
main.c:346:13:MX_GPIO_Init	16	static
main.c:363:6:Error_Handler	4	static
