MB_Processor.c:11:6:MB_Init	8	static
MB_Processor.c:24:6:CheckMBPDU	16	static
MB_Processor.c:86:14:MBRegisterCount	4	static
MB_Processor.c:92:14:MBStartAddress	4	static
MB_Processor.c:98:6:MBSendData	24	static
MB_Processor.c:112:6:AppendCRCtoMBRegister	24	static
MB_Processor.c:124:6:MBException	16	static
MB_Processor.c:135:6:MBProcessRegisterRead	32	static
MB_Processor.c:169:6:AppendDatatoMBRegister	32	static
MB_Processor.c:181:6:MBPresetSingleRegister	24	static
MB_Processor.c:197:6:MBPresetMultipleRegisters	32	static
MB_Processor.c:228:6:WriteMBRegistertoData	32	static
MB_Processor.c:236:6:MBProcessBitsRead	40	static
MB_Processor.c:285:6:AppendBitsToRegisters	32	static
MB_Processor.c:299:6:MBForceSingleCoil	24	static
MB_Processor.c:322:6:MBForceMultipleCoils	32	static
MB_Processor.c:360:6:WriteMBRegistersToBits	32	static
MB_Processor.c:372:6:MBProcessDiagnostics	24	static
MB_Processor.c:441:14:ReturnDiagCounter	16	static
MB_Processor.c:471:6:ClearModbusCounters	4	static
